MemTotal:        1011932 kB
MemFree:          228784 kB
Buffers:           43304 kB
Cached:           117304 kB
SwapCached:        11440 kB
Active:           294296 kB
Inactive:         402400 kB
Active(anon):     206796 kB
Inactive(anon):   329340 kB
Active(file):      87500 kB
Inactive(file):    73060 kB
Unevictable:           0 kB
Mlocked:               0 kB
SwapTotal:       1046524 kB
SwapFree:         987348 kB
Dirty:               180 kB
Writeback:             0 kB
AnonPages:        528664 kB
Mapped:            19532 kB
Shmem:                32 kB
Slab:              56632 kB
SReclaimable:      38616 kB
SUnreclaim:        18016 kB
KernelStack:        1712 kB
PageTables:         8340 kB
NFS_Unstable:          0 kB
Bounce:                0 kB
WritebackTmp:          0 kB
CommitLimit:     1552488 kB
Committed_AS:     819540 kB
VmallocTotal:   34359738367 kB
VmallocUsed:      278144 kB
VmallocChunk:   34359457276 kB
HardwareCorrupted:     0 kB
AnonHugePages:         0 kB
HugePages_Total:       0
HugePages_Free:        0
HugePages_Rsvd:        0
HugePages_Surp:        0
Hugepagesize:       2048 kB
DirectMap4k:       38912 kB
DirectMap2M:     1009664 kB
